rango de energía real del pool: 5.9 – 8.8 (el arco se reescala a esto)
12 de 29 piezas exceden 3200 Hz de centroide y se les corrige el brillo al preparar:
    amr-tulum-cut-perdidos.m4a              7426 Hz
    amr-tulum-cut-metronomo.m4a             7223 Hz
    amr-tulum-cut-atlas.m4a                 6757 Hz
    amr-tulum-cut-tarde.m4a                 6726 Hz
    amr-tulum-cut-adorar.m4a                6546 Hz
    amr-tulum-cut-llegada.m4a               6483 Hz
pool: 29 piezas propias · 129 min disponibles
meta: 180 min → se repetirá material 1.4×

  #     min  pieza                                      BPM    E  meta
  1     0.0  amr-micelio-cut-micelio.m4a             120.00  5.9  6.0
  2     2.4  amr-tulum-cut-sincronia.m4a             121.02  6.2  6.1
  3     9.6  amr-003-vessel.m4a                      122.01  6.3  6.2
  4    12.4  amr-tulum-cut-perdidos.m4a              121.02  6.4  6.3
  5    19.1  amr-tulum-cut-adorar.m4a                121.02  6.6  6.5
  6    25.9  amr-tulum-cut-atlas.m4a                 121.02  6.6  6.6
  7    32.6  amr-micelio-cut-raudal.m4a              120.05  6.8  6.8
  8    35.0  amr-guer-cut-fuego.m4a                  118.08  7.0  6.9
  9    39.8  amr-002-monolith.m4a                    124.46  7.0  7.0
 10    42.5  amr-guer-cut-voltaje.m4a                123.10  7.2  7.1
 11    47.1  amr-guer-cut-serpiente.m4a              123.05  7.2  7.2
 12    51.6  amr-guer-cut-neon.m4a                   123.00  7.3  7.3
 13    56.2  amr-eco.m4a                             122.48  7.3  7.4
 14    58.7  amr-subsuelo-cut-ducto.m4a              124.19  7.5  7.5
 15    61.2  amr-guer-cut-cactus.m4a                 123.03  7.6  7.5
 16    65.7  amr-guer-cut-coyote.m4a                 123.03  7.6  7.7
 17    70.2  amr-jacaranda-cut-letania.m4a           119.98  7.7  7.9
 18    72.5  amr-jacaranda-cut-fulgor.m4a            120.01  8.2  8.0
 19    74.9  amr-purpurina-cut-salon.m4a             125.11  8.5  8.1
 20    77.3  amr-subsuelo-cut-basalto.m4a            124.98  8.8  8.3
 21    79.8  amr-guer-cut-mezcal.m4a                 123.02  7.2  8.4
 22    84.3  amr-005-ghost.m4a                       122.54  6.5  8.4
 23    87.3  amr-tulum-cut-metronomo.m4a             121.02  6.6  8.1
 24    94.0  amr-tulum-cut-pianoviejo.m4a            121.02  6.6  7.5
 25   100.7  amr-tulum-cut-tarde.m4a                 121.02  6.6  7.1
 26   107.5  amr-tulum-cut-llegada.m4a               121.00  6.6  7.4
 27   113.7  amr-004-strata.m4a                      120.83  6.6  7.7
 28   116.5  amr-purpurina-cut-vestidor.m4a          124.84  6.6  7.9
 29   119.0  amr-001-plinth.m4a                      118.01  6.3  8.0
 30   121.7  amr-jacaranda-cut-fulgor.m4a            120.01  8.2  8.1
 31   124.1  amr-jacaranda-cut-letania.m4a           119.98  7.7  8.2
 32   126.3  amr-purpurina-cut-salon.m4a             125.11  8.5  8.3
 33   128.7  amr-subsuelo-cut-basalto.m4a            124.98  8.8  8.4
 34   131.2  amr-guer-cut-cactus.m4a                 123.03  7.6  8.5
 35   135.8  amr-guer-cut-coyote.m4a                 123.03  7.6  8.8
 36   140.3  amr-subsuelo-cut-ducto.m4a              124.19  7.5  8.5
 37   142.7  amr-guer-cut-neon.m4a                   123.00  7.3  8.3
 38   147.3  amr-eco.m4a                             122.48  7.3  8.0
 39   149.8  amr-guer-cut-mezcal.m4a                 123.02  7.2  7.8
 40   154.4  amr-guer-cut-serpiente.m4a              123.05  7.2  7.4
 41   158.9  amr-guer-cut-voltaje.m4a                123.10  7.2  7.1
 42   163.5  amr-002-monolith.m4a                    124.46  7.0  6.9
 43   166.2  amr-purpurina-cut-vestidor.m4a          124.84  6.6  6.7
 44   168.7  amr-005-ghost.m4a                       122.54  6.5  6.6
 45   171.6  amr-003-vessel.m4a                      122.01  6.3  6.4
 46   174.4  amr-tulum-cut-sincronia.m4a             121.02  6.2  6.2

preparando 46 entradas (29 archivos únicos)...
      brillo 6423 → 3598 Hz (repisa -9.0 dB @ 2500)
      brillo 6123 → 3495 Hz (repisa -9.0 dB @ 2500)
      brillo 7426 → 4469 Hz (repisa -9.0 dB @ 2500)
      brillo 6546 → 3715 Hz (repisa -9.0 dB @ 2500)
      brillo 6757 → 3868 Hz (repisa -9.0 dB @ 2500)
      brillo 3972 → 2865 Hz (repisa -4.5 dB @ 2500)
  10/46  (arco -0.4 dB)
  20/46  (arco +1.8 dB)
      brillo 7223 → 4265 Hz (repisa -9.0 dB @ 2500)
      brillo 6433 → 3684 Hz (repisa -9.0 dB @ 2500)
      brillo 6726 → 3864 Hz (repisa -9.0 dB @ 2500)
      brillo 6483 → 3634 Hz (repisa -9.0 dB @ 2500)
      brillo 4055 → 3001 Hz (repisa -4.5 dB @ 2500)
      brillo 6395 → 3320 Hz (repisa -9.0 dB @ 2500)
  30/46  (arco +1.5 dB)
  40/46  (arco +0.2 dB)

set: 183.0 min (3.05 h) · 5536 compases
  target -13.0 → LUFS -13.2 · TP -2.3 · crest 1s 7.6
  target -13.5 → LUFS -13.7 · TP -2.6 · crest 1s 8.2
  target -14.0 → LUFS -14.1 · TP -2.6 · crest 1s 8.5
  target -14.5 → LUFS -14.6 · TP -2.7 · crest 1s 8.9
→ elegido -14.5 LUFS (crest 8.9, el más fuerte que pasa 8.8)
  trim +0.00 dB → m4a TP +0.50 dBTP
  trim -2.00 dB → m4a TP -2.00 dBTP
M4A 211 MB · medido (-16.6, 5.4, -2.0)
sesion003.js escrito · 46 piezas
